Document name: Simple.Table.xlsx
Table name: Лист1
Cells:
Фигура/Занятие 1 2 3 4 5 6 7 8 9 10 11 12 13 14 15 16 
                 
Медленный шаг на месте 1 1 1 1 1 1 1 1 1 1 1 1 1 1 1 1 
Перемещение вперед и назад медленным шагом 1 1 1 1 1 1 1 1   1  1    
Смена направления медленным шагом по часовой и против часовой стрелок 1 1 1 1 1 1 1    1    1  
Перемещение со сменой направления медленным шагом 1 1 1 1      1  1     
Ламбадовский шаг на месте 1 1 1 1 1 1 1 1 1 1 1 1 1 1 1 1 
Перемещение вперед и назад ламбадовским шагом 1 1 1 1 1 1 1 1   1  1    
Смена направления ламбадовским шагом по часовой и против часовой стрелок 1 1 1 1 1 1 1    1    1  
Перемещение со сменой направления ламбадовским шагом 1 1 1 1      1  1     
Базовый шаг  1 1 1 1 1 1 1 1 1 1 1 1 1 1 1 
Боковой шаг (шаг в сторону и два на месте)  1 1 1 1 1 1 1 1 1 1 1 1 1 1 1 
Балансу с наклоном из медленного шага   1 1     1 1   1    
Параджинья [мужская часть]   1 1 1 1 1 1 1 1 1  1  1  
Параджинья [женская часть]                 
Расходка     1 1 1 1 1 1 1    1   
Смена направления на базовом шаге назад и шаге вперед на 90 градусов против часовой стрелки     1 1 1 1 1 1 1 1 1 1 1 1 
Балансу с наклоном из бокового шага     1 1 1    1 1   1  

ColumnWidths:
91 1 1 1 1 1 1 1 1 1 2 2 2 2 2 2 2 